33327a